Microchip MPLAB XC8 Compiler V2.32

Linker command line:

-W-3 --edf=D:\Archivos de programa\Microchip\xc8\v2.32\pic\dat\en_msgs.txt \
  -cn -h+dist/default/production\timer1.X.production.sym \
  --cmf=dist/default/production\timer1.X.production.cmf -z -Q18F4550 \
  -oC:\Users\CRISTO~1\AppData\Local\Temp\xcAsgvo.4 --defsym=__MPLAB_BUILD=1 \
  -Mdist/default/production/timer1.X.production.map -E1 -ver=XC8 Compiler \
  --acfsm=1493 -ASTACK=060h-07FFh -pstack=STACK -ACODE=00h-07FFFh \
  -ACONST=00h-07FFFh -ASMALLCONST=0800h-08FFhx120 \
  -AMEDIUMCONST=0800h-07FFFh -ACOMRAM=01h-05Fh -AABS1=00h-07FFh \
  -ABIGRAM=01h-07FFh -ARAM=060h-0FFh,0100h-01FFhx7 -ABANK0=060h-0FFh \
  -ABANK1=0100h-01FFh -ABANK2=0200h-02FFh -ABANK3=0300h-03FFh \
  -ABANK4=0400h-04FFh -ABANK5=0500h-05FFh -ABANK6=0600h-06FFh \
  -ABANK7=0700h-07FFh -ASFR=0F60h-0FFFh -ACONFIG=0300000h-030000Dh \
  -AIDLOC=0200000h-0200007h -AEEDATA=0F00000h-0F000FFh -peeprom_data=EEDATA \
  -preset_vec=00h,intcode=08h,intcodelo=018h,powerup,init -pramtop=0800h \
  -psmallconst=SMALLCONST -pmediumconst=MEDIUMCONST -pconst=CONST \
  -AFARRAM=00h-00h \
  -prdata=COMRAM,nvrram=COMRAM,nvbit=COMRAM,rbss=COMRAM,rbit=COMRAM \
  -pfarbss=FARRAM,fardata=FARRAM,nvFARRAM=FARRAM \
  -pintsave_regs=BIGRAM,bigbss=BIGRAM,bigdata=BIGRAM -pbss=RAM \
  -pidata=CODE,irdata=CODE,ibigdata=CODE,ifardata=CODE -prparam=COMRAM \
  C:\Users\CRISTO~1\AppData\Local\Temp\xcAsgvo.o \
  dist/default/production\timer1.X.production.o 

Object code version is 3.11

Machine type is 18F4550



                Name                               Link     Load   Length Selector   Space Scale
C:\Users\CRISTO~1\AppData\Local\Temp\xcAsgvo.o
                idloc                            200000   200000        8        0       5
                config                           300000   300000        E        0       4
                init                                 26       26        4        C       0
                reset_vec                             0        0        4        0       0
dist/default/production\timer1.X.production.o
                intcodelo                            18       18        E        C       0
                intcode                               8        8        6        4       0
                idloc                            200000   200000        8        0       5
                config                           300000   300000        E        0       4
                temp                                 16       16        1        1       1
                smallconst                          800      800        8      400       0
                intcode_body                        808      808       B4      404       0
                text8                               AD4      AD4        8      404       0
                text7                               AC0      AC0       14      404       0
                text6                               998      998       40      404       0
                text5                               A40      A40       32      404       0
                text4                               9D8      9D8       36      404       0
                text3                               A0E      A0E       32      404       0
                text2                               942      942       56      404       0
                text1                               A72      A72       30      404       0
                text0                               8BC      8BC       86      404       0
                cstackCOMRAM                          D        D        9        1       1
                bssCOMRAM                             1        1        C        1       1
                cinit                               AA2      AA2       1E      404       0

TOTAL           Name                               Link     Load   Length     Space
        CLASS   STACK          

        CLASS   CODE           
                intcodelo                            18       18        E         0
                intcode                               8        8        6         0
                init                                 26       26        4         0
                reset_vec                             0        0        4         0
                intcode_body                        808      808       B4         0
                text8                               AD4      AD4        8         0
                text7                               AC0      AC0       14         0
                text6                               998      998       40         0
                text5                               A40      A40       32         0
                text4                               9D8      9D8       36         0
                text3                               A0E      A0E       32         0
                text2                               942      942       56         0
                text1                               A72      A72       30         0
                text0                               8BC      8BC       86         0
                cinit                               AA2      AA2       1E         0

        CLASS   CONST          

        CLASS   SMALLCONST     
                smallconst                          800      800        8         0

        CLASS   MEDIUMCONST    

        CLASS   COMRAM         
                temp                                 16       16        1         1
                cstackCOMRAM                          D        D        9         1
                bssCOMRAM                             1        1        C         1

        CLASS   ABS1           

        CLASS   BIGRAM         

        CLASS   RAM            

        CLASS   BANK0          

        CLASS   BANK1          

        CLASS   BANK2          

        CLASS   BANK3          

        CLASS   BANK4          

        CLASS   BANK5          

        CLASS   BANK6          

        CLASS   BANK7          

        CLASS   SFR            

        CLASS   CONFIG         
                config                           300000   300000        E         4

        CLASS   IDLOC          
                idloc                            200000   200000        8         5

        CLASS   EEDATA         

        CLASS   FARRAM         



SEGMENTS        Name                           Load    Length   Top    Selector   Space  Class

                reset_vec                      000000  000004  000004         0       0  CODE    
                bssCOMRAM                      000001  000016  000017         1       1  COMRAM  
                intcode                        000008  000006  00000E         4       0  CODE    
                intcodelo                      000018  000012  00002A         C       0  CODE    
                smallconst                     000800  000008  000808       400       0  SMALLCON
                intcode_body                   000808  0002D4  000ADC       404       0  CODE    


UNUSED ADDRESS RANGES

        Name                Unused          Largest block    Delta
        BANK0            000060-0000FF               A0
        BANK1            000100-0001FF              100
        BANK2            000200-0002FF              100
        BANK3            000300-0003FF              100
        BANK4            000400-0004FF              100
        BANK5            000500-0005FF              100
        BANK6            000600-0006FF              100
        BANK7            000700-0007FF              100
        BIGRAM           000017-0007FF              7E9
        CODE             000004-000007                4
                         00000E-000017                A
                         00002A-0007FF              7D6
                         000ADC-007FFF             7524
        COMRAM           000017-00005F               49
        CONST            000004-000007                4
                         00000E-000017                A
                         00002A-0007FF              7D6
                         000ADC-007FFF             7524
        EEDATA           F00000-F000FF              100
        MEDIUMCONST      000ADC-007FFF             7524
        RAM              000060-0007FF              100
        SFR              000F60-000FFF               A0
        SMALLCONST       000ADC-007FFF              100
        STACK            000060-0007FF              7A0

                                  Symbol Table

_INTCONbits                (abs)        000FF2
_INT_Init                  text8        000AD4
_INT_TMR1_ALTA             intcode      000008
_INT_TMR1_BAJA             intcodelo    000018
_IPR1bits                  (abs)        000F9F
_LATD                      (abs)        000F8C
_LATDbits                  (abs)        000F8C
_PIE1bits                  (abs)        000F9D
_PIR1bits                  (abs)        000F9E
_RCONbits                  (abs)        000FD0
_T1CON                     (abs)        000FCD
_TMR1H                     (abs)        000FCF
_TMR1L                     (abs)        000FCE
_TRISD                     (abs)        000F95
_TRISDbits                 (abs)        000F95
_Timer1_Init               text7        000AC0
__HRAM                     (abs)        000000
__Habs1                    abs1         000000
__Hbank0                   bank0        000000
__Hbank1                   bank1        000000
__Hbank2                   bank2        000000
__Hbank3                   bank3        000000
__Hbank4                   bank4        000000
__Hbank5                   bank5        000000
__Hbank6                   bank6        000000
__Hbank7                   bank7        000000
__Hbigbss                  bigbss       000000
__Hbigdata                 bigdata      000000
__Hbigram                  bigram       000000
__Hbss                     bss          000000
__HbssCOMRAM               bssCOMRAM    000000
__Hcinit                   cinit        000000
__Hclrtext                 clrtext      000000
__Hcomram                  comram       000000
__Hconfig                  config       30000E
__Hconst                   const        000000
__HcstackCOMRAM            cstackCOMRAM 000000
__Hdata                    data         000000
__Heeprom_data             eeprom_data  000000
__Hfarbss                  farbss       000000
__Hfardata                 fardata      000000
__Hibigdata                ibigdata     000000
__Hidata                   idata        000000
__Hidloc                   idloc        200008
__Hifardata                ifardata     000000
__Hinit                    init         00002A
__Hintcode                 intcode      00000E
__Hintcode_body            intcode_body 000000
__Hintcodelo               intcodelo    000026
__Hintentry                intentry     000000
__Hintret                  intret       000000
__Hintsave_regs            intsave_regs 000000
__Hirdata                  irdata       000000
__Hmediumconst             mediumconst  000000
__HnvFARRAM                nvFARRAM     000000
__Hnvbit                   nvbit        000000
__Hnvrram                  nvrram       000000
__Hparam                   rparam       000000
__Hpowerup                 powerup      000026
__Hram                     ram          000000
__Hramtop                  ramtop       000800
__Hrbit                    rbit         000000
__Hrbss                    rbss         000000
__Hrdata                   rdata        000000
__Hreset_vec               reset_vec    000004
__Hrparam                  rparam       000000
__Hsfr                     sfr          000000
__Hsmallconst              smallconst   000808
__Hspace_0                 (abs)        000ADC
__Hspace_1                 (abs)        000017
__Hspace_2                 (abs)        000000
__Hspace_4                 (abs)        60000E
__Hstack                   stack        000000
__Hstruct                  struct       000000
__Htemp                    temp         000017
__Htext                    text         000000
__Htext0                   text0        000000
__Htext1                   text1        000000
__Htext2                   text2        000000
__Htext3                   text3        000000
__Htext4                   text4        000000
__Htext5                   text5        000000
__Htext6                   text6        000000
__Htext7                   text7        000000
__Htext8                   text8        000000
__LRAM                     (abs)        000001
__Labs1                    abs1         000000
__Lbank0                   bank0        000000
__Lbank1                   bank1        000000
__Lbank2                   bank2        000000
__Lbank3                   bank3        000000
__Lbank4                   bank4        000000
__Lbank5                   bank5        000000
__Lbank6                   bank6        000000
__Lbank7                   bank7        000000
__Lbigbss                  bigbss       000000
__Lbigdata                 bigdata      000000
__Lbigram                  bigram       000000
__Lbss                     bss          000000
__LbssCOMRAM               bssCOMRAM    000000
__Lcinit                   cinit        000000
__Lclrtext                 clrtext      000000
__Lcomram                  comram       000000
__Lconfig                  config       000000
__Lconst                   const        000000
__LcstackCOMRAM            cstackCOMRAM 000000
__Ldata                    data         000000
__Leeprom_data             eeprom_data  000000
__Lfarbss                  farbss       000000
__Lfardata                 fardata      000000
__Libigdata                ibigdata     000000
__Lidata                   idata        000000
__Lidloc                   idloc        000000
__Lifardata                ifardata     000000
__Linit                    init         000026
__Lintcode                 intcode      000008
__Lintcode_body            intcode_body 000000
__Lintcodelo               intcodelo    000018
__Lintentry                intentry     000000
__Lintret                  intret       000000
__Lintsave_regs            intsave_regs 000000
__Lirdata                  irdata       000000
__Lmediumconst             mediumconst  000000
__LnvFARRAM                nvFARRAM     000000
__Lnvbit                   nvbit        000000
__Lnvrram                  nvrram       000000
__Lparam                   rparam       000000
__Lpowerup                 powerup      000026
__Lram                     ram          000000
__Lramtop                  ramtop       000800
__Lrbit                    rbit         000000
__Lrbss                    rbss         000000
__Lrdata                   rdata        000000
__Lreset_vec               reset_vec    000000
__Lrparam                  rparam       000000
__Lsfr                     sfr          000000
__Lsmallconst              smallconst   000800
__Lspace_0                 (abs)        000000
__Lspace_1                 (abs)        000000
__Lspace_2                 (abs)        000000
__Lspace_4                 (abs)        000000
__Lstack                   stack        000000
__Lstruct                  struct       000000
__Ltemp                    temp         000016
__Ltext                    text         000000
__Ltext0                   text0        000000
__Ltext1                   text1        000000
__Ltext2                   text2        000000
__Ltext3                   text3        000000
__Ltext4                   text4        000000
__Ltext5                   text5        000000
__Ltext6                   text6        000000
__Ltext7                   text7        000000
__Ltext8                   text8        000000
__S0                       (abs)        000ADC
__S1                       (abs)        000017
__S2                       (abs)        000000
__S4                       (abs)        000000
__S5                       (abs)        000000
___inthi_sp                stack        000000
___intlo_sp                stack        000000
___param_bank              (abs)        000000
___rparam_used             (abs)        000001
___sp                      stack        000000
__accesstop                (abs)        000060
__activetblptr             (abs)        000001
__end_of_INT_Init          text8        000ADC
__end_of_INT_TMR1_ALTA     intcode_body 0008BC
__end_of_INT_TMR1_BAJA     intcodelo    000026
__end_of_Timer1_Init       text7        000AD4
__end_of__initialization   cinit        000AAE
__end_of_lcd_Cadena        text4        000A0E
__end_of_lcd_Caracter      text5        000A72
__end_of_lcd_Comando       text3        000A40
__end_of_lcd_Init          text2        000998
__end_of_lcd_XY            text1        000AA2
__end_of_main              text0        000942
__end_of_selectorRegistro  text6        0009D8
__initialization           cinit        000AA2
__mediumconst              mediumconst  000000
__pbssCOMRAM               bssCOMRAM    000001
__pcinit                   cinit        000AA2
__pcstackCOMRAM            cstackCOMRAM 00000D
__pintcode                 intcode      000008
__pintcode_body            intcode_body 000808
__pintcodelo               intcodelo    000018
__psmallconst              smallconst   000800
__ptext0                   text0        0008BC
__ptext1                   text1        000A72
__ptext2                   text2        000942
__ptext3                   text3        000A0E
__ptext4                   text4        0009D8
__ptext5                   text5        000A40
__ptext6                   text6        000998
__ptext7                   text7        000AC0
__ptext8                   text8        000AD4
__ramtop                   ramtop       000800
__size_of_INT_Init         (abs)        000000
__size_of_INT_TMR1_ALTA    (abs)        000000
__size_of_INT_TMR1_BAJA    (abs)        000000
__size_of_Timer1_Init      (abs)        000000
__size_of_lcd_Cadena       (abs)        000000
__size_of_lcd_Caracter     (abs)        000000
__size_of_lcd_Comando      (abs)        000000
__size_of_lcd_Init         (abs)        000000
__size_of_lcd_XY           (abs)        000000
__size_of_main             (abs)        000000
__size_of_selectorRegistro (abs)        000000
__smallconst               smallconst   000800
_hor                       bssCOMRAM    000003
_hor_d                     bssCOMRAM    000001
_lcd_Cadena                text4        0009D8
_lcd_Caracter              text5        000A40
_lcd_Comando               text3        000A0E
_lcd_Init                  text2        000942
_lcd_XY                    text1        000A72
_main                      text0        0008BC
_min                       bssCOMRAM    000007
_min_d                     bssCOMRAM    000005
_sec                       bssCOMRAM    00000B
_sec_d                     bssCOMRAM    000009
_selectorRegistro          text6        000998
btemp                      temp         000016
end_of_initialization      cinit        000AAE
int$flags                  temp         000016
int_func                   intcode_body 000808
intlevel0                  text         000000
intlevel1                  text         000000
intlevel2                  text         000000
intlevel3                  text         000000
isa$std                    (abs)        000001
isa$xinst                  (abs)        000000
lcd_Cadena@pal             cstackCOMRAM 000012
lcd_Caracter@dat           cstackCOMRAM 000011
lcd_Comando@cmd            cstackCOMRAM 000011
lcd_XY@x                   cstackCOMRAM 000012
lcd_XY@y                   cstackCOMRAM 000014
selectorRegistro@rs        cstackCOMRAM 00000E
stackhi                    (abs)        0007FF
stacklo                    (abs)        000060
start                      init         000026
start_initialization       cinit        000AA2
ttemp5                     temp         000017
ttemp6                     temp         00001A
ttemp7                     temp         00001E
wtemp8                     temp         000017


MODULE INFORMATION

Module		Function		Class		Link	Load	Size
lcd_libreria.c
		_lcd_Caracter  		CODE           	0A40	0000	50
		_selectorRegistro		CODE           	0998	0000	64
		_lcd_Init      		CODE           	0942	0000	86
		_lcd_Cadena    		CODE           	09D8	0000	54
		_lcd_Comando   		CODE           	0A0E	0000	50
		_lcd_XY        		CODE           	0A72	0000	48

lcd_libreria.c estimated size: 352

timers_libreria.c
		_Timer1_Init   		CODE           	0AC0	0000	20

timers_libreria.c estimated size: 20

shared
		__initialization		CODE           	0AA2	0000	12

shared estimated size: 12

interrupcion_libreria.c
		_INT_TMR1_BAJA 		CODE           	0018	0000	14
		_INT_TMR1_ALTA 		CODE           	0008	0000	186
		_INT_Init      		CODE           	0AD4	0000	8

interrupcion_libreria.c estimated size: 208

main.c
		_main          		CODE           	08BC	0000	134

main.c estimated size: 134

