Microchip MPLAB XC8 Compiler V2.32

Linker command line:

-W-3 --edf=D:\Archivos de programa\Microchip\xc8\v2.32\pic\dat\en_msgs.txt \
  -cn -h+dist/default/production\ADC.X.production.sym \
  --cmf=dist/default/production\ADC.X.production.cmf -z -Q18F4550 \
  -oC:\Users\CRISTO~1\AppData\Local\Temp\xcAs8ik.4 --defsym=__MPLAB_BUILD=1 \
  -Mdist/default/production/ADC.X.production.map -E1 -ver=XC8 Compiler \
  --acfsm=1493 -ASTACK=0150h-07FFh -pstack=STACK -ACODE=00h-07FFFh \
  -ACONST=00h-07FFFh -ASMALLCONST=0800h-08FFhx120 \
  -AMEDIUMCONST=0800h-07FFFh -ACOMRAM=01h-05Fh -AABS1=00h-07FFh \
  -ABIGRAM=01h-07FFh -ARAM=060h-0FFh,0100h-01FFhx7 -ABANK0=060h-0FFh \
  -ABANK1=0100h-01FFh -ABANK2=0200h-02FFh -ABANK3=0300h-03FFh \
  -ABANK4=0400h-04FFh -ABANK5=0500h-05FFh -ABANK6=0600h-06FFh \
  -ABANK7=0700h-07FFh -ASFR=0F60h-0FFFh -ACONFIG=0300000h-030000Dh \
  -AIDLOC=0200000h-0200007h -AEEDATA=0F00000h-0F000FFh -peeprom_data=EEDATA \
  -preset_vec=00h,intcode,intcodelo,powerup,init -pramtop=0800h \
  -psmallconst=SMALLCONST -pmediumconst=MEDIUMCONST -pconst=CONST \
  -AFARRAM=00h-00h \
  -prdata=COMRAM,nvrram=COMRAM,nvbit=COMRAM,rbss=COMRAM,rbit=COMRAM \
  -pfarbss=FARRAM,fardata=FARRAM,nvFARRAM=FARRAM \
  -pintsave_regs=BIGRAM,bigbss=BIGRAM,bigdata=BIGRAM -pbss=RAM \
  -pidata=CODE,irdata=CODE,ibigdata=CODE,ifardata=CODE -prparam=COMRAM \
  C:\Users\CRISTO~1\AppData\Local\Temp\xcAs8ik.o \
  dist/default/production\ADC.X.production.o 

Object code version is 3.11

Machine type is 18F4550



                Name                               Link     Load   Length Selector   Space Scale
C:\Users\CRISTO~1\AppData\Local\Temp\xcAs8ik.o
                idloc                            200000   200000        8        0       5
                config                           300000   300000        E        0       4
                init                                  0        0        4        0       0
dist/default/production\ADC.X.production.o
                idloc                            200000   200000        8        0       5
                config                           300000   300000        E        0       4
                smallconst                          800      800       28      400       0
                text38                             3892     3892       2A      414       0
                text37                             366E     366E       42      414       0
                text36                             2776     2776      1B4      414       0
                text35                             36B0     36B0       40      414       0
                text34                             3800     3800       32      414       0
                text33                             3862     3862       30      414       0
                text32                             37CE     37CE       32      414       0
                text31                             34EA     34EA       56      414       0
                text30                             3832     3832       30      414       0
                text29                             38BC     38BC       26      414       0
                text28                             3760     3760       38      414       0
                text27                             3592     3592       52      414       0
                text26                             292A     292A      190      414       0
                text25                             31AE     31AE       C4      414       0
                text24                             3272     3272       B0      414       0
                text23                             21CA     21CA      39A      414       0
                text22                             3322     3322       AA      414       0
                text21                             2D46     2D46      104      414       0
                text20                             1DA0     1DA0      42A      414       0
                text19                             3728     3728       38      414       0
                text18                             1480     1480      4C0      414       0
                text17                             35E4     35E4       46      414       0
                text16                             2C40     2C40      106      414       0
                text15                             2E4A     2E4A       FE      414       0
                text14                             2564     2564      212      414       0
                text13                             3904     3904        2      414       0
                text12                             301E     301E       CA      414       0
                text11                             362A     362A       44      414       0
                text10                             3798     3798       36      414       0
                text9                              30E8     30E8       C6      414       0
                text8                              348E     348E       5C      414       0
                text7                              36F0     36F0       38      414       0
                text6                              342E     342E       60      414       0
                text5                               828      828      C58      414       0
                text4                              2F48     2F48       D6      414       0
                text3                              1940     1940      460      414       0
                text2                              33CC     33CC       62      414       0
                text1                              3540     3540       52      414       0
                text0                              2ABA     2ABA      186      414       0
                cstackCOMRAM                          1        1       5F        1       1
                cstackBANK0                          60       60       48       60       1
                bssBANK1                            100      100       50      100       1
                bssBANK0                             A8       A8       24       60       1
                cinit                              38E2     38E2       22      414       0

TOTAL           Name                               Link     Load   Length     Space
        CLASS   STACK          

        CLASS   CODE           
                init                                  0        0        4         0
                text38                             3892     3892       2A         0
                text37                             366E     366E       42         0
                text36                             2776     2776      1B4         0
                text35                             36B0     36B0       40         0
                text34                             3800     3800       32         0
                text33                             3862     3862       30         0
                text32                             37CE     37CE       32         0
                text31                             34EA     34EA       56         0
                text30                             3832     3832       30         0
                text29                             38BC     38BC       26         0
                text28                             3760     3760       38         0
                text27                             3592     3592       52         0
                text26                             292A     292A      190         0
                text25                             31AE     31AE       C4         0
                text24                             3272     3272       B0         0
                text23                             21CA     21CA      39A         0
                text22                             3322     3322       AA         0
                text21                             2D46     2D46      104         0
                text20                             1DA0     1DA0      42A         0
                text19                             3728     3728       38         0
                text18                             1480     1480      4C0         0
                text17                             35E4     35E4       46         0
                text16                             2C40     2C40      106         0
                text15                             2E4A     2E4A       FE         0
                text14                             2564     2564      212         0
                text13                             3904     3904        2         0
                text12                             301E     301E       CA         0
                text11                             362A     362A       44         0
                text10                             3798     3798       36         0
                text9                              30E8     30E8       C6         0
                text8                              348E     348E       5C         0
                text7                              36F0     36F0       38         0
                text6                              342E     342E       60         0
                text5                               828      828      C58         0
                text4                              2F48     2F48       D6         0
                text3                              1940     1940      460         0
                text2                              33CC     33CC       62         0
                text1                              3540     3540       52         0
                text0                              2ABA     2ABA      186         0
                cinit                              38E2     38E2       22         0

        CLASS   CONST          

        CLASS   SMALLCONST     
                smallconst                          800      800       28         0

        CLASS   MEDIUMCONST    

        CLASS   COMRAM         
                cstackCOMRAM                          1        1       5F         1

        CLASS   ABS1           

        CLASS   BIGRAM         

        CLASS   RAM            

        CLASS   BANK0          
                cstackBANK0                          60       60       48         1
                bssBANK0                             A8       A8       24         1

        CLASS   BANK1          
                bssBANK1                            100      100       50         1

        CLASS   BANK2          

        CLASS   BANK3          

        CLASS   BANK4          

        CLASS   BANK5          

        CLASS   BANK6          

        CLASS   BANK7          

        CLASS   SFR            

        CLASS   CONFIG         
                config                           300000   300000        E         4

        CLASS   IDLOC          
                idloc                            200000   200000        8         5

        CLASS   EEDATA         

        CLASS   FARRAM         



SEGMENTS        Name                           Load    Length   Top    Selector   Space  Class

                reset_vec                      000000  000004  000004         0       0  CODE    
                cstackCOMRAM                   000001  00005F  000060         1       1  COMRAM  
                cstackBANK0                    000060  00006C  0000CC        60       1  BANK0   
                bssBANK1                       000100  000050  000150       100       1  BANK1   
                smallconst                     000800  000028  000828       400       0  SMALLCON
                text5                          000828  0030DE  003906       414       0  CODE    


UNUSED ADDRESS RANGES

        Name                Unused          Largest block    Delta
        BANK0            0000CC-0000FF               34
        BANK1            000150-0001FF               B0
        BANK2            000200-0002FF              100
        BANK3            000300-0003FF              100
        BANK4            000400-0004FF              100
        BANK5            000500-0005FF              100
        BANK6            000600-0006FF              100
        BANK7            000700-0007FF              100
        BIGRAM           0000CC-0000FF               34
                         000150-0007FF              6B0
        CODE             000004-0007FF              7FC
                         003906-007FFF             46FA
        CONST            000004-0007FF              7FC
                         003906-007FFF             46FA
        EEDATA           F00000-F000FF              100
        MEDIUMCONST      003906-007FFF             46FA
        RAM              0000CC-0000FF               34
                         000150-0007FF              100
        SFR              000F60-000FFF               A0
        SMALLCONST       003906-007FFF              100
        STACK            000150-0007FF              6B0

                                  Symbol Table

?_ADC_read                 cstackCOMRAM 000001
?___awdiv                  cstackCOMRAM 000001
?___awmod                  cstackCOMRAM 000001
?___fladd                  cstackCOMRAM 000001
?___fldiv                  cstackCOMRAM 000001
?___flmul                  cstackCOMRAM 00000F
?___flneg                  cstackCOMRAM 000001
?___flsub                  cstackCOMRAM 000028
?___fltol                  cstackCOMRAM 000001
?___fpclassifyf            cstackCOMRAM 000001
?___wmul                   cstackCOMRAM 000001
?___xxtofl                 cstackCOMRAM 000001
?_atoi                     cstackCOMRAM 000008
?_efgtoa                   cstackCOMRAM 000034
?_floorf                   cstackCOMRAM 00001A
?_isdigit                  cstackCOMRAM 000001
?_isspace                  cstackCOMRAM 000001
?_isupper                  cstackCOMRAM 000001
?_pad                      cstackCOMRAM 000011
?_sprintf                  cstackBANK0  000098
?_strlen                   cstackCOMRAM 000001
?_strncmp                  cstackCOMRAM 000001
?_tolower                  cstackCOMRAM 000007
?_vfpfcnvrt                cstackCOMRAM 000040
?_vfprintf                 cstackCOMRAM 000056
ADC_read@canal             cstackCOMRAM 000004
_ADCON0bits                (abs)        000FC2
_ADCON1bits                (abs)        000FC1
_ADCON2bits                (abs)        000FC0
_ADC_Init                  text38       003892
_ADC_read                  text37       00366E
_ADRES                     (abs)        000FC3
_LATD                      (abs)        000F8C
_LATDbits                  (abs)        000F8C
_TRISAbits                 (abs)        000F92
_TRISC                     (abs)        000F94
_TRISD                     (abs)        000F95
__HRAM                     (abs)        000000
__Habs1                    abs1         000000
__Hbank0                   bank0        000000
__Hbank1                   bank1        000000
__Hbank2                   bank2        000000
__Hbank3                   bank3        000000
__Hbank4                   bank4        000000
__Hbank5                   bank5        000000
__Hbank6                   bank6        000000
__Hbank7                   bank7        000000
__Hbigbss                  bigbss       000000
__Hbigdata                 bigdata      000000
__Hbigram                  bigram       000000
__Hbss                     bss          000000
__HbssBANK0                bssBANK0     000000
__HbssBANK1                bssBANK1     000000
__Hcinit                   cinit        000000
__Hclrtext                 clrtext      000000
__Hcomram                  comram       000000
__Hconfig                  config       30000E
__Hconst                   const        000000
__HcstackBANK0             cstackBANK0  000000
__HcstackCOMRAM            cstackCOMRAM 000000
__Hdata                    data         000000
__Heeprom_data             eeprom_data  000000
__Hfarbss                  farbss       000000
__Hfardata                 fardata      000000
__Hibigdata                ibigdata     000000
__Hidata                   idata        000000
__Hidloc                   idloc        200008
__Hifardata                ifardata     000000
__Hinit                    init         000004
__Hintcode                 intcode      000000
__Hintcode_body            intcode_body 000000
__Hintcodelo               intcodelo    000000
__Hintentry                intentry     000000
__Hintret                  intret       000000
__Hintsave_regs            intsave_regs 000000
__Hirdata                  irdata       000000
__Hmediumconst             mediumconst  000000
__HnvFARRAM                nvFARRAM     000000
__Hnvbit                   nvbit        000000
__Hnvrram                  nvrram       000000
__Hparam                   rparam       000000
__Hpowerup                 powerup      000000
__Hram                     ram          000000
__Hramtop                  ramtop       000800
__Hrbit                    rbit         000000
__Hrbss                    rbss         000000
__Hrdata                   rdata        000000
__Hreset_vec               reset_vec    000000
__Hrparam                  rparam       000000
__Hsfr                     sfr          000000
__Hsmallconst              smallconst   000828
__Hspace_0                 (abs)        003906
__Hspace_1                 (abs)        000150
__Hspace_2                 (abs)        000000
__Hspace_4                 (abs)        60000E
__Hstack                   stack        000000
__Hstruct                  struct       000000
__Htemp                    temp         000000
__Htext                    text         000000
__Htext0                   text0        000000
__Htext1                   text1        000000
__Htext10                  text10       000000
__Htext11                  text11       000000
__Htext12                  text12       000000
__Htext13                  text13       000000
__Htext14                  text14       000000
__Htext15                  text15       000000
__Htext16                  text16       000000
__Htext17                  text17       000000
__Htext18                  text18       000000
__Htext19                  text19       000000
__Htext2                   text2        000000
__Htext20                  text20       000000
__Htext21                  text21       000000
__Htext22                  text22       000000
__Htext23                  text23       000000
__Htext24                  text24       000000
__Htext25                  text25       000000
__Htext26                  text26       000000
__Htext27                  text27       000000
__Htext28                  text28       000000
__Htext29                  text29       000000
__Htext3                   text3        000000
__Htext30                  text30       000000
__Htext31                  text31       000000
__Htext32                  text32       000000
__Htext33                  text33       000000
__Htext34                  text34       000000
__Htext35                  text35       000000
__Htext36                  text36       000000
__Htext37                  text37       000000
__Htext38                  text38       000000
__Htext4                   text4        000000
__Htext5                   text5        000000
__Htext6                   text6        000000
__Htext7                   text7        000000
__Htext8                   text8        000000
__Htext9                   text9        000000
__LRAM                     (abs)        000001
__Labs1                    abs1         000000
__Lbank0                   bank0        000000
__Lbank1                   bank1        000000
__Lbank2                   bank2        000000
__Lbank3                   bank3        000000
__Lbank4                   bank4        000000
__Lbank5                   bank5        000000
__Lbank6                   bank6        000000
__Lbank7                   bank7        000000
__Lbigbss                  bigbss       000000
__Lbigdata                 bigdata      000000
__Lbigram                  bigram       000000
__Lbss                     bss          000000
__LbssBANK0                bssBANK0     000000
__LbssBANK1                bssBANK1     000000
__Lcinit                   cinit        000000
__Lclrtext                 clrtext      000000
__Lcomram                  comram       000000
__Lconfig                  config       000000
__Lconst                   const        000000
__LcstackBANK0             cstackBANK0  000000
__LcstackCOMRAM            cstackCOMRAM 000000
__Ldata                    data         000000
__Leeprom_data             eeprom_data  000000
__Lfarbss                  farbss       000000
__Lfardata                 fardata      000000
__Libigdata                ibigdata     000000
__Lidata                   idata        000000
__Lidloc                   idloc        000000
__Lifardata                ifardata     000000
__Linit                    init         000000
__Lintcode                 intcode      000000
__Lintcode_body            intcode_body 000000
__Lintcodelo               intcodelo    000000
__Lintentry                intentry     000000
__Lintret                  intret       000000
__Lintsave_regs            intsave_regs 000000
__Lirdata                  irdata       000000
__Lmediumconst             mediumconst  000000
__LnvFARRAM                nvFARRAM     000000
__Lnvbit                   nvbit        000000
__Lnvrram                  nvrram       000000
__Lparam                   rparam       000000
__Lpowerup                 powerup      000000
__Lram                     ram          000000
__Lramtop                  ramtop       000800
__Lrbit                    rbit         000000
__Lrbss                    rbss         000000
__Lrdata                   rdata        000000
__Lreset_vec               reset_vec    000000
__Lrparam                  rparam       000000
__Lsfr                     sfr          000000
__Lsmallconst              smallconst   000800
__Lspace_0                 (abs)        000000
__Lspace_1                 (abs)        000000
__Lspace_2                 (abs)        000000
__Lspace_4                 (abs)        000000
__Lstack                   stack        000000
__Lstruct                  struct       000000
__Ltemp                    temp         000000
__Ltext                    text         000000
__Ltext0                   text0        000000
__Ltext1                   text1        000000
__Ltext10                  text10       000000
__Ltext11                  text11       000000
__Ltext12                  text12       000000
__Ltext13                  text13       000000
__Ltext14                  text14       000000
__Ltext15                  text15       000000
__Ltext16                  text16       000000
__Ltext17                  text17       000000
__Ltext18                  text18       000000
__Ltext19                  text19       000000
__Ltext2                   text2        000000
__Ltext20                  text20       000000
__Ltext21                  text21       000000
__Ltext22                  text22       000000
__Ltext23                  text23       000000
__Ltext24                  text24       000000
__Ltext25                  text25       000000
__Ltext26                  text26       000000
__Ltext27                  text27       000000
__Ltext28                  text28       000000
__Ltext29                  text29       000000
__Ltext3                   text3        000000
__Ltext30                  text30       000000
__Ltext31                  text31       000000
__Ltext32                  text32       000000
__Ltext33                  text33       000000
__Ltext34                  text34       000000
__Ltext35                  text35       000000
__Ltext36                  text36       000000
__Ltext37                  text37       000000
__Ltext38                  text38       000000
__Ltext4                   text4        000000
__Ltext5                   text5        000000
__Ltext6                   text6        000000
__Ltext7                   text7        000000
__Ltext8                   text8        000000
__Ltext9                   text9        000000
__S0                       (abs)        003906
__S1                       (abs)        000150
__S2                       (abs)        000000
__S4                       (abs)        000000
__S5                       (abs)        000000
___awdiv                   text25       0031AE
___awdiv@counter           cstackCOMRAM 000005
___awdiv@dividend          cstackCOMRAM 000001
___awdiv@divisor           cstackCOMRAM 000003
___awdiv@quotient          cstackCOMRAM 000007
___awdiv@sign              cstackCOMRAM 000006
___awmod                   text24       003272
___awmod@counter           cstackCOMRAM 000005
___awmod@dividend          cstackCOMRAM 000001
___awmod@divisor           cstackCOMRAM 000003
___awmod@sign              cstackCOMRAM 000006
___fladd                   text18       001480
___fladd@a                 cstackCOMRAM 000005
___fladd@aexp              cstackCOMRAM 00000E
___fladd@b                 cstackCOMRAM 000001
___fladd@bexp              cstackCOMRAM 00000F
___fladd@grs               cstackCOMRAM 000010
___fladd@signs             cstackCOMRAM 00000D
___fldiv                   text23       0021CA
___fldiv@a                 cstackCOMRAM 000005
___fldiv@aexp              cstackCOMRAM 000019
___fldiv@b                 cstackCOMRAM 000001
___fldiv@bexp              cstackCOMRAM 000018
___fldiv@grs               cstackCOMRAM 000014
___fldiv@new_exp           cstackCOMRAM 000012
___fldiv@rem               cstackCOMRAM 00000D
___fldiv@sign              cstackCOMRAM 000011
___fleq                    text22       003322
___fleq@ff1                cstackCOMRAM 000001
___fleq@ff2                cstackCOMRAM 000005
___flge                    text21       002D46
___flge@ff1                cstackCOMRAM 000028
___flge@ff2                cstackCOMRAM 00002C
___flmul                   text20       001DA0
___flmul@a                 cstackCOMRAM 000013
___flmul@aexp              cstackCOMRAM 000020
___flmul@b                 cstackCOMRAM 00000F
___flmul@bexp              cstackCOMRAM 000021
___flmul@grs               cstackCOMRAM 00001C
___flmul@prod              cstackCOMRAM 000022
___flmul@sign              cstackCOMRAM 00001B
___flmul@temp              cstackCOMRAM 000026
___flneg                   text19       003728
___flneg@f1                cstackCOMRAM 000001
___flsub                   text17       0035E4
___flsub@a                 cstackCOMRAM 00002C
___flsub@b                 cstackCOMRAM 000028
___fltol                   text16       002C40
___fltol@exp1              cstackCOMRAM 00000A
___fltol@f1                cstackCOMRAM 000001
___fltol@sign1             cstackCOMRAM 000009
___fpclassifyf             text15       002E4A
___fpclassifyf@F465        bssBANK0     0000AC
___fpclassifyf@e           cstackCOMRAM 000009
___fpclassifyf@u           cstackCOMRAM 00000B
___fpclassifyf@x           cstackCOMRAM 000001
___inthi_sp                stack        000000
___intlo_sp                stack        000000
___param_bank              (abs)        000000
___rparam_used             (abs)        000001
___sp                      stack        000000
___wmul                    text29       0038BC
___wmul@multiplicand       cstackCOMRAM 000003
___wmul@multiplier         cstackCOMRAM 000001
___wmul@product            cstackCOMRAM 000005
___xxtofl                  text36       002776
___xxtofl@arg              cstackCOMRAM 00000B
___xxtofl@exp              cstackCOMRAM 00000A
___xxtofl@sign             cstackCOMRAM 000009
___xxtofl@val              cstackCOMRAM 000001
__accesstop                (abs)        000060
__activetblptr             (abs)        000002
__end_of_ADC_Init          text38       0038BC
__end_of_ADC_read          text37       0036B0
__end_of___awdiv           text25       003272
__end_of___awmod           text24       003322
__end_of___fladd           text18       001940
__end_of___fldiv           text23       002564
__end_of___fleq            text22       0033CC
__end_of___flge            text21       002E4A
__end_of___flmul           text20       0021CA
__end_of___flneg           text19       003760
__end_of___flsub           text17       00362A
__end_of___fltol           text16       002D46
__end_of___fpclassifyf     text15       002F48
__end_of___wmul            text29       0038E2
__end_of___xxtofl          text36       00292A
__end_of__initialization   cinit        0038FA
__end_of_atoi              text26       002ABA
__end_of_efgtoa            text5        001480
__end_of_floorf            text14       002776
__end_of_fputc             text12       0030E8
__end_of_fputs             text11       00366E
__end_of_isdigit           text28       003798
__end_of_isspace           text27       0035E4
__end_of_isupper           text7        003728
__end_of_lcd_Cadena        text33       003892
__end_of_lcd_Caracter      text34       003832
__end_of_lcd_Comando       text32       003800
__end_of_lcd_Init          text31       003540
__end_of_lcd_XY            text30       003862
__end_of_main              text0        002C40
__end_of_pad               text9        0031AE
__end_of_putch             text13       003906
__end_of_selectorRegistro  text35       0036F0
__end_of_sprintf           text1        003592
__end_of_strcpy            text8        0034EA
__end_of_strlen            text10       0037CE
__end_of_strncmp           text4        00301E
__end_of_tolower           text6        00348E
__end_of_vfpfcnvrt         text3        001DA0
__end_of_vfprintf          text2        00342E
__initialization           cinit        0038E2
__mediumconst              mediumconst  000000
__pbssBANK0                bssBANK0     0000A8
__pbssBANK1                bssBANK1     000100
__pcinit                   cinit        0038E2
__pcstackBANK0             cstackBANK0  000060
__pcstackCOMRAM            cstackCOMRAM 000001
__psmallconst              smallconst   000800
__ptext0                   text0        002ABA
__ptext1                   text1        003540
__ptext10                  text10       003798
__ptext11                  text11       00362A
__ptext12                  text12       00301E
__ptext13                  text13       003904
__ptext14                  text14       002564
__ptext15                  text15       002E4A
__ptext16                  text16       002C40
__ptext17                  text17       0035E4
__ptext18                  text18       001480
__ptext19                  text19       003728
__ptext2                   text2        0033CC
__ptext20                  text20       001DA0
__ptext21                  text21       002D46
__ptext22                  text22       003322
__ptext23                  text23       0021CA
__ptext24                  text24       003272
__ptext25                  text25       0031AE
__ptext26                  text26       00292A
__ptext27                  text27       003592
__ptext28                  text28       003760
__ptext29                  text29       0038BC
__ptext3                   text3        001940
__ptext30                  text30       003832
__ptext31                  text31       0034EA
__ptext32                  text32       0037CE
__ptext33                  text33       003862
__ptext34                  text34       003800
__ptext35                  text35       0036B0
__ptext36                  text36       002776
__ptext37                  text37       00366E
__ptext38                  text38       003892
__ptext4                   text4        002F48
__ptext5                   text5        000828
__ptext6                   text6        00342E
__ptext7                   text7        0036F0
__ptext8                   text8        00348E
__ptext9                   text9        0030E8
__ramtop                   ramtop       000800
__size_of_ADC_Init         (abs)        000000
__size_of_ADC_read         (abs)        000000
__size_of___awdiv          (abs)        000000
__size_of___awmod          (abs)        000000
__size_of___fladd          (abs)        000000
__size_of___fldiv          (abs)        000000
__size_of___fleq           (abs)        000000
__size_of___flge           (abs)        000000
__size_of___flmul          (abs)        000000
__size_of___flneg          (abs)        000000
__size_of___flsub          (abs)        000000
__size_of___fltol          (abs)        000000
__size_of___fpclassifyf    (abs)        000000
__size_of___wmul           (abs)        000000
__size_of___xxtofl         (abs)        000000
__size_of_atoi             (abs)        000000
__size_of_efgtoa           (abs)        000000
__size_of_floorf           (abs)        000000
__size_of_fputc            (abs)        000000
__size_of_fputs            (abs)        000000
__size_of_isdigit          (abs)        000000
__size_of_isspace          (abs)        000000
__size_of_isupper          (abs)        000000
__size_of_lcd_Cadena       (abs)        000000
__size_of_lcd_Caracter     (abs)        000000
__size_of_lcd_Comando      (abs)        000000
__size_of_lcd_Init         (abs)        000000
__size_of_lcd_XY           (abs)        000000
__size_of_main             (abs)        000000
__size_of_pad              (abs)        000000
__size_of_putch            (abs)        000000
__size_of_selectorRegistro (abs)        000000
__size_of_sprintf          (abs)        000000
__size_of_strcpy           (abs)        000000
__size_of_strlen           (abs)        000000
__size_of_strncmp          (abs)        000000
__size_of_tolower          (abs)        000000
__size_of_vfpfcnvrt        (abs)        000000
__size_of_vfprintf         (abs)        000000
__smallconst               smallconst   000800
_atoi                      text26       00292A
_atoi$973                  cstackCOMRAM 000010
_atoi$974                  cstackCOMRAM 000014
_atoi$975                  cstackCOMRAM 000012
_dato                      bssBANK0     0000C2
_dbuf                      bssBANK1     000100
_efgtoa                    text5        000828
_efgtoa$909                cstackBANK0  000060
_efgtoa$910                cstackBANK0  000062
_efgtoa$915                cstackBANK0  000064
_efgtoa$919                cstackBANK0  000066
_efgtoa$920                cstackBANK0  000068
_efgtoa$921                cstackBANK0  00006A
_flags                     bssBANK0     0000BE
_floorf                    text14       002564
_fputc                     text12       00301E
_fputs                     text11       00362A
_isdigit                   text28       003760
_isspace                   text27       003592
_isspace$1004              cstackCOMRAM 000007
_isupper                   text7        0036F0
_lcd_Cadena                text33       003862
_lcd_Caracter              text34       003800
_lcd_Comando               text32       0037CE
_lcd_Init                  text31       0034EA
_lcd_XY                    text30       003832
_main                      text0        002ABA
_nout                      bssBANK0     0000B8
_pad                       text9        0030E8
_prec                      bssBANK0     0000BC
_putch                     text13       003904
_resolucion                bssBANK0     0000B4
_selectorRegistro          text35       0036B0
_sprintf                   text1        003540
_strcpy                    text8        00348E
_strlen                    text10       003798
_strncmp                   text4        002F48
_tolower                   text6        00342E
_tolower$1068              cstackCOMRAM 00000D
_valor_adc                 bssBANK0     0000C0
_vfpfcnvrt                 text3        001940
_vfpfcnvrt$935             cstackCOMRAM 00004A
_vfpfcnvrt$939             cstackCOMRAM 00004C
_vfprintf                  text2        0033CC
_vin                       bssBANK0     0000B0
_width                     bssBANK0     0000BA
atoi@n                     cstackCOMRAM 000015
atoi@neg                   cstackCOMRAM 00000E
atoi@s                     cstackCOMRAM 000008
efgtoa@c                   cstackCOMRAM 00003A
efgtoa@d                   cstackBANK0  000078
efgtoa@e                   cstackBANK0  000090
efgtoa@f                   cstackCOMRAM 000036
efgtoa@fp                  cstackCOMRAM 000034
efgtoa@g                   cstackBANK0  00008C
efgtoa@h                   cstackBANK0  000082
efgtoa@i                   cstackBANK0  00008A
efgtoa@l                   cstackBANK0  000086
efgtoa@m                   cstackBANK0  000072
efgtoa@mode                cstackBANK0  000081
efgtoa@n                   cstackBANK0  000092
efgtoa@ne                  cstackBANK0  000070
efgtoa@nmode               cstackBANK0  000080
efgtoa@ou                  cstackBANK0  000074
efgtoa@p                   cstackBANK0  00007C
efgtoa@pp                  cstackBANK0  00006E
efgtoa@sign                cstackBANK0  00007A
efgtoa@t                   cstackBANK0  00006C
efgtoa@u                   cstackBANK0  000094
efgtoa@w                   cstackBANK0  00007E
end_of_initialization      cinit        0038FA
floorf@F527                bssBANK0     0000A8
floorf@e                   cstackCOMRAM 000028
floorf@m                   cstackCOMRAM 000024
floorf@u                   cstackCOMRAM 00002A
floorf@x                   cstackCOMRAM 00001A
fputc@c                    cstackCOMRAM 000001
fputc@fp                   cstackCOMRAM 000003
fputs@c                    cstackCOMRAM 00000E
fputs@fp                   cstackCOMRAM 00000C
fputs@i                    cstackCOMRAM 00000F
fputs@s                    cstackCOMRAM 00000A
intlevel0                  text         000000
intlevel1                  text         000000
intlevel2                  text         000000
intlevel3                  text         000000
isa$std                    (abs)        000001
isa$xinst                  (abs)        000000
isdigit@c                  cstackCOMRAM 000001
isspace@c                  cstackCOMRAM 000001
isupper@c                  cstackCOMRAM 000001
lcd_Cadena@pal             cstackCOMRAM 000005
lcd_Caracter@dat           cstackCOMRAM 000004
lcd_Comando@cmd            cstackCOMRAM 000004
lcd_XY@x                   cstackCOMRAM 000005
lcd_XY@y                   cstackCOMRAM 000007
pad@buf                    cstackCOMRAM 000013
pad@fp                     cstackCOMRAM 000011
pad@i                      cstackCOMRAM 000018
pad@p                      cstackCOMRAM 000015
pad@w                      cstackCOMRAM 00001A
selectorRegistro@rs        cstackCOMRAM 000001
sprintf@ap                 cstackBANK0  0000A0
sprintf@f                  cstackBANK0  0000A2
sprintf@fmt                cstackBANK0  00009A
sprintf@s                  cstackBANK0  000098
stackhi                    (abs)        0007FF
stacklo                    (abs)        000150
start                      init         000000
start_initialization       cinit        0038E2
strcpy@d                   cstackCOMRAM 000009
strcpy@dest                cstackCOMRAM 000001
strcpy@s                   cstackCOMRAM 000007
strcpy@src                 cstackCOMRAM 000003
strlen@a                   cstackCOMRAM 000003
strlen@s                   cstackCOMRAM 000001
strncmp@_l                 cstackCOMRAM 000001
strncmp@_r                 cstackCOMRAM 000003
strncmp@l                  cstackCOMRAM 000008
strncmp@n                  cstackCOMRAM 000005
strncmp@r                  cstackCOMRAM 00000A
tolower@c                  cstackCOMRAM 000007
vfpfcnvrt@ap               cstackCOMRAM 000044
vfpfcnvrt@c                cstackCOMRAM 000055
vfpfcnvrt@ct               cstackCOMRAM 000052
vfpfcnvrt@f                cstackCOMRAM 00004E
vfpfcnvrt@fmt              cstackCOMRAM 000042
vfpfcnvrt@fp               cstackCOMRAM 000040
vfprintf@ap                cstackCOMRAM 00005A
vfprintf@cfmt              cstackCOMRAM 00005C
vfprintf@fmt               cstackCOMRAM 000058
vfprintf@fp                cstackCOMRAM 000056


MODULE INFORMATION

Module		Function		Class		Link	Load	Size
D:\Archivos de programa\Microchip\xc8\v2.32\pic\sources\c99\common\flneg.c
		___flneg       		CODE           	3728	0000	56

D:\Archivos de programa\Microchip\xc8\v2.32\pic\sources\c99\common\flneg.c estimated size: 56

D:\Archivos de programa\Microchip\xc8\v2.32\pic\sources\c99\common\putch.c
		_putch         		CODE           	3904	0000	2

D:\Archivos de programa\Microchip\xc8\v2.32\pic\sources\c99\common\putch.c estimated size: 2

D:\Archivos de programa\Microchip\xc8\v2.32\pic\sources\c99\common\isspace.c
		_isspace       		CODE           	3592	0000	82

D:\Archivos de programa\Microchip\xc8\v2.32\pic\sources\c99\common\isspace.c estimated size: 82

D:\Archivos de programa\Microchip\xc8\v2.32\pic\sources\c99\common\doprnt.c
		_vfpfcnvrt     		CODE           	1940	0000	1120
		_efgtoa        		CODE           	0828	0000	3160
		_pad           		CODE           	30E8	0000	198
		_vfprintf      		CODE           	33CC	0000	98

D:\Archivos de programa\Microchip\xc8\v2.32\pic\sources\c99\common\doprnt.c estimated size: 4576

D:\Archivos de programa\Microchip\xc8\v2.32\pic\sources\c99\common\awmod.c
		___awmod       		CODE           	3272	0000	176

D:\Archivos de programa\Microchip\xc8\v2.32\pic\sources\c99\common\awmod.c estimated size: 176

D:\Archivos de programa\Microchip\xc8\v2.32\pic\sources\c99\common\Umul16.c
		___wmul        		CODE           	38BC	0000	38

D:\Archivos de programa\Microchip\xc8\v2.32\pic\sources\c99\common\Umul16.c estimated size: 38

lcd_libreria.c
		_lcd_Caracter  		CODE           	3800	0000	50
		_selectorRegistro		CODE           	36B0	0000	64
		_lcd_Init      		CODE           	34EA	0000	86
		_lcd_Cadena    		CODE           	3862	0000	48
		_lcd_Comando   		CODE           	37CE	0000	50
		_lcd_XY        		CODE           	3832	0000	48

lcd_libreria.c estimated size: 346

D:\Archivos de programa\Microchip\xc8\v2.32\pic\sources\c99\common\isdigit.c
		_isdigit       		CODE           	3760	0000	56

D:\Archivos de programa\Microchip\xc8\v2.32\pic\sources\c99\common\isdigit.c estimated size: 56

D:\Archivos de programa\Microchip\xc8\v2.32\pic\sources\c99\common\sprcadd.c
		___flsub       		CODE           	35E4	0000	70
		___fladd       		CODE           	1480	0000	1216

D:\Archivos de programa\Microchip\xc8\v2.32\pic\sources\c99\common\sprcadd.c estimated size: 1286

D:\Archivos de programa\Microchip\xc8\v2.32\pic\sources\c99\common\atoi.c
		_atoi          		CODE           	292A	0000	400

D:\Archivos de programa\Microchip\xc8\v2.32\pic\sources\c99\common\atoi.c estimated size: 400

D:\Archivos de programa\Microchip\xc8\v2.32\pic\sources\c99\common\fleq.c
		___fleq        		CODE           	3322	0000	170

D:\Archivos de programa\Microchip\xc8\v2.32\pic\sources\c99\common\fleq.c estimated size: 170

ADC_libreria.c
		_ADC_read      		CODE           	366E	0000	66
		_ADC_Init      		CODE           	3892	0000	42

ADC_libreria.c estimated size: 108

D:\Archivos de programa\Microchip\xc8\v2.32\pic\sources\c99\common\__fpclassifyf.c
		___fpclassifyf 		CODE           	2E4A	0000	254

D:\Archivos de programa\Microchip\xc8\v2.32\pic\sources\c99\common\__fpclassifyf.c estimated size: 254

D:\Archivos de programa\Microchip\xc8\v2.32\pic\sources\c99\common\nf_fputs.c
		_fputs         		CODE           	362A	0000	68

D:\Archivos de programa\Microchip\xc8\v2.32\pic\sources\c99\common\nf_fputs.c estimated size: 68

D:\Archivos de programa\Microchip\xc8\v2.32\pic\sources\c99\common\awdiv.c
		___awdiv       		CODE           	31AE	0000	196

D:\Archivos de programa\Microchip\xc8\v2.32\pic\sources\c99\common\awdiv.c estimated size: 196

shared
		__initialization		CODE           	38E2	0000	24

shared estimated size: 24

D:\Archivos de programa\Microchip\xc8\v2.32\pic\sources\c99\common\fltol.c
		___fltol       		CODE           	2C40	0000	262

D:\Archivos de programa\Microchip\xc8\v2.32\pic\sources\c99\common\fltol.c estimated size: 262

D:\Archivos de programa\Microchip\xc8\v2.32\pic\sources\c99\common\xxtofl.c
		___xxtofl      		CODE           	2776	0000	436

D:\Archivos de programa\Microchip\xc8\v2.32\pic\sources\c99\common\xxtofl.c estimated size: 436

D:\Archivos de programa\Microchip\xc8\v2.32\pic\sources\c99\common\strlen.c
		_strlen        		CODE           	3798	0000	54

D:\Archivos de programa\Microchip\xc8\v2.32\pic\sources\c99\common\strlen.c estimated size: 54

D:\Archivos de programa\Microchip\xc8\v2.32\pic\sources\c99\common\floorf.c
		_floorf        		CODE           	2564	0000	530

D:\Archivos de programa\Microchip\xc8\v2.32\pic\sources\c99\common\floorf.c estimated size: 530

D:\Archivos de programa\Microchip\xc8\v2.32\pic\sources\c99\common\isupper.c
		_isupper       		CODE           	36F0	0000	56

D:\Archivos de programa\Microchip\xc8\v2.32\pic\sources\c99\common\isupper.c estimated size: 56

D:\Archivos de programa\Microchip\xc8\v2.32\pic\sources\c99\common\strcpy.c
		_strcpy        		CODE           	348E	0000	92

D:\Archivos de programa\Microchip\xc8\v2.32\pic\sources\c99\common\strcpy.c estimated size: 92

D:\Archivos de programa\Microchip\xc8\v2.32\pic\sources\c99\common\flge.c
		___flge        		CODE           	2D46	0000	260

D:\Archivos de programa\Microchip\xc8\v2.32\pic\sources\c99\common\flge.c estimated size: 260

D:\Archivos de programa\Microchip\xc8\v2.32\pic\sources\c99\common\nf_sprintf.c
		_sprintf       		CODE           	3540	0000	82

D:\Archivos de programa\Microchip\xc8\v2.32\pic\sources\c99\common\nf_sprintf.c estimated size: 82

main.c
		_main          		CODE           	2ABA	0000	390

main.c estimated size: 390

D:\Archivos de programa\Microchip\xc8\v2.32\pic\sources\c99\common\strncmp.c
		_strncmp       		CODE           	2F48	0000	214

D:\Archivos de programa\Microchip\xc8\v2.32\pic\sources\c99\common\strncmp.c estimated size: 214

D:\Archivos de programa\Microchip\xc8\v2.32\pic\sources\c99\common\tolower.c
		_tolower       		CODE           	342E	0000	96

D:\Archivos de programa\Microchip\xc8\v2.32\pic\sources\c99\common\tolower.c estimated size: 96

D:\Archivos de programa\Microchip\xc8\v2.32\pic\sources\c99\common\sprcmul.c
		___flmul       		CODE           	1DA0	0000	1066

D:\Archivos de programa\Microchip\xc8\v2.32\pic\sources\c99\common\sprcmul.c estimated size: 1066

D:\Archivos de programa\Microchip\xc8\v2.32\pic\sources\c99\common\nf_fputc.c
		_fputc         		CODE           	301E	0000	202

D:\Archivos de programa\Microchip\xc8\v2.32\pic\sources\c99\common\nf_fputc.c estimated size: 202

D:\Archivos de programa\Microchip\xc8\v2.32\pic\sources\c99\common\sprcdiv.c
		___fldiv       		CODE           	21CA	0000	922

D:\Archivos de programa\Microchip\xc8\v2.32\pic\sources\c99\common\sprcdiv.c estimated size: 922

