Microchip MPLAB XC8 Compiler V2.32

Linker command line:

-W-3 --edf=D:\Archivos de programa\Microchip\xc8\v2.32\pic\dat\en_msgs.txt \
  -cn -h+dist/default/production\proyecto_1.X.production.sym \
  --cmf=dist/default/production\proyecto_1.X.production.cmf -z -Q18F4550 \
  -oC:\Users\CRISTO~1\AppData\Local\Temp\xcAshfs.4 --defsym=__MPLAB_BUILD=1 \
  -Mdist/default/production/proyecto_1.X.production.map -E1 \
  -ver=XC8 Compiler --acfsm=1493 -ASTACK=060h-07FFh -pstack=STACK \
  -ACODE=00h-07FFFh -ACONST=00h-07FFFh -ASMALLCONST=0800h-08FFhx120 \
  -AMEDIUMCONST=0800h-07FFFh -ACOMRAM=01h-05Fh -AABS1=00h-07FFh \
  -ABIGRAM=01h-07FFh -ARAM=060h-0FFh,0100h-01FFhx7 -ABANK0=060h-0FFh \
  -ABANK1=0100h-01FFh -ABANK2=0200h-02FFh -ABANK3=0300h-03FFh \
  -ABANK4=0400h-04FFh -ABANK5=0500h-05FFh -ABANK6=0600h-06FFh \
  -ABANK7=0700h-07FFh -ASFR=0F60h-0FFFh -ACONFIG=0300000h-030000Dh \
  -AIDLOC=0200000h-0200007h -AEEDATA=0F00000h-0F000FFh -peeprom_data=EEDATA \
  -preset_vec=00h,intcode=08h,intcodelo=018h,powerup,init -pramtop=0800h \
  -psmallconst=SMALLCONST -pmediumconst=MEDIUMCONST -pconst=CONST \
  -AFARRAM=00h-00h \
  -prdata=COMRAM,nvrram=COMRAM,nvbit=COMRAM,rbss=COMRAM,rbit=COMRAM \
  -pfarbss=FARRAM,fardata=FARRAM,nvFARRAM=FARRAM \
  -pintsave_regs=BIGRAM,bigbss=BIGRAM,bigdata=BIGRAM -pbss=RAM \
  -pidata=CODE,irdata=CODE,ibigdata=CODE,ifardata=CODE -prparam=COMRAM \
  C:\Users\CRISTO~1\AppData\Local\Temp\xcAshfs.o \
  dist/default/production\proyecto_1.X.production.o 

Object code version is 3.11

Machine type is 18F4550



                Name                               Link     Load   Length Selector   Space Scale
C:\Users\CRISTO~1\AppData\Local\Temp\xcAshfs.o
                idloc                            200000   200000        8        0       5
                config                           300000   300000        E        0       4
                init                                 5C       5C        4        C       0
                reset_vec                             0        0        4        0       0
dist/default/production\proyecto_1.X.production.o
                intcodelo                            18       18       44        C       0
                intcode                               8        8        6        4       0
                idloc                            200000   200000        8        0       5
                config                           300000   300000        E        0       4
                temp                                 10       10        1        1       1
                smallconst                          800      800        8      400       0
                intcode_body                        A1C      A1C        A      404       0
                text8                               A0C      A0C       10      404       0
                text7                               9E2      9E2       1A      404       0
                text6                               8D8      8D8       40      404       0
                text5                               980      980       32      404       0
                text4                               918      918       36      404       0
                text3                               94E      94E       32      404       0
                text2                               882      882       56      404       0
                text1                               9B2      9B2       30      404       0
                text0                               808      808       7A      404       0
                cstackCOMRAM                          1        1        E        1       1
                bssCOMRAM                             F        F        1        1       1
                cinit                               9FC      9FC       10      404       0

TOTAL           Name                               Link     Load   Length     Space
        CLASS   STACK          

        CLASS   CODE           
                intcodelo                            18       18       44         0
                intcode                               8        8        6         0
                init                                 5C       5C        4         0
                reset_vec                             0        0        4         0
                intcode_body                        A1C      A1C        A         0
                text8                               A0C      A0C       10         0
                text7                               9E2      9E2       1A         0
                text6                               8D8      8D8       40         0
                text5                               980      980       32         0
                text4                               918      918       36         0
                text3                               94E      94E       32         0
                text2                               882      882       56         0
                text1                               9B2      9B2       30         0
                text0                               808      808       7A         0
                cinit                               9FC      9FC       10         0

        CLASS   CONST          

        CLASS   SMALLCONST     
                smallconst                          800      800        8         0

        CLASS   MEDIUMCONST    

        CLASS   COMRAM         
                temp                                 10       10        1         1
                cstackCOMRAM                          1        1        E         1
                bssCOMRAM                             F        F        1         1

        CLASS   ABS1           

        CLASS   BIGRAM         

        CLASS   RAM            

        CLASS   BANK0          

        CLASS   BANK1          

        CLASS   BANK2          

        CLASS   BANK3          

        CLASS   BANK4          

        CLASS   BANK5          

        CLASS   BANK6          

        CLASS   BANK7          

        CLASS   SFR            

        CLASS   CONFIG         
                config                           300000   300000        E         4

        CLASS   IDLOC          
                idloc                            200000   200000        8         5

        CLASS   EEDATA         

        CLASS   FARRAM         



SEGMENTS        Name                           Load    Length   Top    Selector   Space  Class

                reset_vec                      000000  000004  000004         0       0  CODE    
                cstackCOMRAM                   000001  000010  000011         1       1  COMRAM  
                intcode                        000008  000006  00000E         4       0  CODE    
                intcodelo                      000018  000048  000060         C       0  CODE    
                smallconst                     000800  000008  000808       400       0  SMALLCON
                text0                          000808  00021E  000A26       404       0  CODE    


UNUSED ADDRESS RANGES

        Name                Unused          Largest block    Delta
        BANK0            000060-0000FF               A0
        BANK1            000100-0001FF              100
        BANK2            000200-0002FF              100
        BANK3            000300-0003FF              100
        BANK4            000400-0004FF              100
        BANK5            000500-0005FF              100
        BANK6            000600-0006FF              100
        BANK7            000700-0007FF              100
        BIGRAM           000011-0007FF              7EF
        CODE             000004-000007                4
                         00000E-000017                A
                         000060-0007FF              7A0
                         000A26-007FFF             75DA
        COMRAM           000011-00005F               4F
        CONST            000004-000007                4
                         00000E-000017                A
                         000060-0007FF              7A0
                         000A26-007FFF             75DA
        EEDATA           F00000-F000FF              100
        MEDIUMCONST      000A26-007FFF             75DA
        RAM              000060-0007FF              100
        SFR              000F60-000FFF               A0
        SMALLCONST       000A26-007FFF              100
        STACK            000060-0007FF              7A0

                                  Symbol Table

_INT0_ALTA                 intcode      000008
_INT1_TMR0                 intcodelo    000018
_INTCON2bits               (abs)        000FF1
_INTCONbits                (abs)        000FF2
_INT_Init                  text8        000A0C
_LATD                      (abs)        000F8C
_LATDbits                  (abs)        000F8C
_RCONbits                  (abs)        000FD0
_T0CONbits                 (abs)        000FD5
_TMR0L                     (abs)        000FD6
_TRISBbits                 (abs)        000F93
_TRISD                     (abs)        000F95
_Timer0_Init               text7        0009E2
__HRAM                     (abs)        000000
__Habs1                    abs1         000000
__Hbank0                   bank0        000000
__Hbank1                   bank1        000000
__Hbank2                   bank2        000000
__Hbank3                   bank3        000000
__Hbank4                   bank4        000000
__Hbank5                   bank5        000000
__Hbank6                   bank6        000000
__Hbank7                   bank7        000000
__Hbigbss                  bigbss       000000
__Hbigdata                 bigdata      000000
__Hbigram                  bigram       000000
__Hbss                     bss          000000
__HbssCOMRAM               bssCOMRAM    000000
__Hcinit                   cinit        000000
__Hclrtext                 clrtext      000000
__Hcomram                  comram       000000
__Hconfig                  config       30000E
__Hconst                   const        000000
__HcstackCOMRAM            cstackCOMRAM 000000
__Hdata                    data         000000
__Heeprom_data             eeprom_data  000000
__Hfarbss                  farbss       000000
__Hfardata                 fardata      000000
__Hibigdata                ibigdata     000000
__Hidata                   idata        000000
__Hidloc                   idloc        200008
__Hifardata                ifardata     000000
__Hinit                    init         000060
__Hintcode                 intcode      00000E
__Hintcode_body            intcode_body 000000
__Hintcodelo               intcodelo    00005C
__Hintentry                intentry     000000
__Hintret                  intret       000000
__Hintsave_regs            intsave_regs 000000
__Hirdata                  irdata       000000
__Hmediumconst             mediumconst  000000
__HnvFARRAM                nvFARRAM     000000
__Hnvbit                   nvbit        000000
__Hnvrram                  nvrram       000000
__Hparam                   rparam       000000
__Hpowerup                 powerup      00005C
__Hram                     ram          000000
__Hramtop                  ramtop       000800
__Hrbit                    rbit         000000
__Hrbss                    rbss         000000
__Hrdata                   rdata        000000
__Hreset_vec               reset_vec    000004
__Hrparam                  rparam       000000
__Hsfr                     sfr          000000
__Hsmallconst              smallconst   000808
__Hspace_0                 (abs)        000A26
__Hspace_1                 (abs)        000011
__Hspace_2                 (abs)        000000
__Hspace_4                 (abs)        60000E
__Hstack                   stack        000000
__Hstruct                  struct       000000
__Htemp                    temp         000011
__Htext                    text         000000
__Htext0                   text0        000000
__Htext1                   text1        000000
__Htext2                   text2        000000
__Htext3                   text3        000000
__Htext4                   text4        000000
__Htext5                   text5        000000
__Htext6                   text6        000000
__Htext7                   text7        000000
__Htext8                   text8        000000
__LRAM                     (abs)        000001
__Labs1                    abs1         000000
__Lbank0                   bank0        000000
__Lbank1                   bank1        000000
__Lbank2                   bank2        000000
__Lbank3                   bank3        000000
__Lbank4                   bank4        000000
__Lbank5                   bank5        000000
__Lbank6                   bank6        000000
__Lbank7                   bank7        000000
__Lbigbss                  bigbss       000000
__Lbigdata                 bigdata      000000
__Lbigram                  bigram       000000
__Lbss                     bss          000000
__LbssCOMRAM               bssCOMRAM    000000
__Lcinit                   cinit        000000
__Lclrtext                 clrtext      000000
__Lcomram                  comram       000000
__Lconfig                  config       000000
__Lconst                   const        000000
__LcstackCOMRAM            cstackCOMRAM 000000
__Ldata                    data         000000
__Leeprom_data             eeprom_data  000000
__Lfarbss                  farbss       000000
__Lfardata                 fardata      000000
__Libigdata                ibigdata     000000
__Lidata                   idata        000000
__Lidloc                   idloc        000000
__Lifardata                ifardata     000000
__Linit                    init         00005C
__Lintcode                 intcode      000008
__Lintcode_body            intcode_body 000000
__Lintcodelo               intcodelo    000018
__Lintentry                intentry     000000
__Lintret                  intret       000000
__Lintsave_regs            intsave_regs 000000
__Lirdata                  irdata       000000
__Lmediumconst             mediumconst  000000
__LnvFARRAM                nvFARRAM     000000
__Lnvbit                   nvbit        000000
__Lnvrram                  nvrram       000000
__Lparam                   rparam       000000
__Lpowerup                 powerup      00005C
__Lram                     ram          000000
__Lramtop                  ramtop       000800
__Lrbit                    rbit         000000
__Lrbss                    rbss         000000
__Lrdata                   rdata        000000
__Lreset_vec               reset_vec    000000
__Lrparam                  rparam       000000
__Lsfr                     sfr          000000
__Lsmallconst              smallconst   000800
__Lspace_0                 (abs)        000000
__Lspace_1                 (abs)        000000
__Lspace_2                 (abs)        000000
__Lspace_4                 (abs)        000000
__Lstack                   stack        000000
__Lstruct                  struct       000000
__Ltemp                    temp         000010
__Ltext                    text         000000
__Ltext0                   text0        000000
__Ltext1                   text1        000000
__Ltext2                   text2        000000
__Ltext3                   text3        000000
__Ltext4                   text4        000000
__Ltext5                   text5        000000
__Ltext6                   text6        000000
__Ltext7                   text7        000000
__Ltext8                   text8        000000
__S0                       (abs)        000A26
__S1                       (abs)        000011
__S2                       (abs)        000000
__S4                       (abs)        000000
__S5                       (abs)        000000
___inthi_sp                stack        000000
___intlo_sp                stack        000000
___param_bank              (abs)        000000
___rparam_used             (abs)        000001
___sp                      stack        000000
__accesstop                (abs)        000060
__activetblptr             (abs)        000002
__end_of_INT0_ALTA         intcode_body 000A26
__end_of_INT1_TMR0         intcodelo    00005C
__end_of_INT_Init          text8        000A1C
__end_of_Timer0_Init       text7        0009FC
__end_of__initialization   cinit        0009FE
__end_of_lcd_Cadena        text4        00094E
__end_of_lcd_Caracter      text5        0009B2
__end_of_lcd_Comando       text3        000980
__end_of_lcd_Init          text2        0008D8
__end_of_lcd_XY            text1        0009E2
__end_of_main              text0        000882
__end_of_selectorRegistro  text6        000918
__initialization           cinit        0009FC
__mediumconst              mediumconst  000000
__pbssCOMRAM               bssCOMRAM    00000F
__pcinit                   cinit        0009FC
__pcstackCOMRAM            cstackCOMRAM 000001
__pintcode                 intcode      000008
__pintcode_body            intcode_body 000A1C
__pintcodelo               intcodelo    000018
__psmallconst              smallconst   000800
__ptext0                   text0        000808
__ptext1                   text1        0009B2
__ptext2                   text2        000882
__ptext3                   text3        00094E
__ptext4                   text4        000918
__ptext5                   text5        000980
__ptext6                   text6        0008D8
__ptext7                   text7        0009E2
__ptext8                   text8        000A0C
__ramtop                   ramtop       000800
__size_of_INT0_ALTA        (abs)        000000
__size_of_INT1_TMR0        (abs)        000000
__size_of_INT_Init         (abs)        000000
__size_of_Timer0_Init      (abs)        000000
__size_of_lcd_Cadena       (abs)        000000
__size_of_lcd_Caracter     (abs)        000000
__size_of_lcd_Comando      (abs)        000000
__size_of_lcd_Init         (abs)        000000
__size_of_lcd_XY           (abs)        000000
__size_of_main             (abs)        000000
__size_of_selectorRegistro (abs)        000000
__smallconst               smallconst   000800
_lcd_Cadena                text4        000918
_lcd_Caracter              text5        000980
_lcd_Comando               text3        00094E
_lcd_Init                  text2        000882
_lcd_XY                    text1        0009B2
_main                      text0        000808
_selectorRegistro          text6        0008D8
_x                         bssCOMRAM    00000F
btemp                      temp         000010
end_of_initialization      cinit        0009FE
int$flags                  temp         000010
int_func                   intcode_body 000A1C
intlevel0                  text         000000
intlevel1                  text         000000
intlevel2                  text         000000
intlevel3                  text         000000
isa$std                    (abs)        000001
isa$xinst                  (abs)        000000
lcd_Cadena@pal             cstackCOMRAM 000009
lcd_Caracter@dat           cstackCOMRAM 000008
lcd_Comando@cmd            cstackCOMRAM 000008
lcd_XY@x                   cstackCOMRAM 000009
lcd_XY@y                   cstackCOMRAM 00000B
selectorRegistro@rs        cstackCOMRAM 000005
stackhi                    (abs)        0007FF
stacklo                    (abs)        000060
start                      init         00005C
start_initialization       cinit        0009FC
ttemp5                     temp         000011
ttemp6                     temp         000014
ttemp7                     temp         000018
wtemp8                     temp         000011


MODULE INFORMATION

Module		Function		Class		Link	Load	Size
lcd_libreria.c
		_lcd_Caracter  		CODE           	0980	0000	50
		_selectorRegistro		CODE           	08D8	0000	64
		_lcd_Init      		CODE           	0882	0000	86
		_lcd_Cadena    		CODE           	0918	0000	54
		_lcd_Comando   		CODE           	094E	0000	50
		_lcd_XY        		CODE           	09B2	0000	48

lcd_libreria.c estimated size: 352

timers_libreria.c
		_Timer0_Init   		CODE           	09E2	0000	26

timers_libreria.c estimated size: 26

shared
		__initialization		CODE           	09FC	0000	2

shared estimated size: 2

interrupcion_libreria.c
		_INT0_ALTA     		CODE           	0008	0000	16
		_INT1_TMR0     		CODE           	0018	0000	68
		_INT_Init      		CODE           	0A0C	0000	16

interrupcion_libreria.c estimated size: 100

main.c
		_main          		CODE           	0808	0000	122

main.c estimated size: 122

