Microchip MPLAB XC8 Compiler V2.32

Linker command line:

-W-3 --edf=D:\Archivos de programa\Microchip\xc8\v2.32\pic\dat\en_msgs.txt \
  -cn -h+dist/default/production\ADC_PWM.X.production.sym \
  --cmf=dist/default/production\ADC_PWM.X.production.cmf -z -Q18F4550 \
  -oC:\Users\CRISTO~1\AppData\Local\Temp\xcAs3gg.4 --defsym=__MPLAB_BUILD=1 \
  -Mdist/default/production/ADC_PWM.X.production.map -E1 -ver=XC8 Compiler \
  --acfsm=1493 -ASTACK=060h-07FFh -pstack=STACK -ACODE=00h-07FFFh \
  -ACONST=00h-07FFFh -ASMALLCONST=0800h-08FFhx120 \
  -AMEDIUMCONST=0800h-07FFFh -ACOMRAM=01h-05Fh -AABS1=00h-07FFh \
  -ABIGRAM=01h-07FFh -ARAM=060h-0FFh,0100h-01FFhx7 -ABANK0=060h-0FFh \
  -ABANK1=0100h-01FFh -ABANK2=0200h-02FFh -ABANK3=0300h-03FFh \
  -ABANK4=0400h-04FFh -ABANK5=0500h-05FFh -ABANK6=0600h-06FFh \
  -ABANK7=0700h-07FFh -ASFR=0F60h-0FFFh -ACONFIG=0300000h-030000Dh \
  -AIDLOC=0200000h-0200007h -AEEDATA=0F00000h-0F000FFh -peeprom_data=EEDATA \
  -preset_vec=00h,intcode,intcodelo,powerup,init -pramtop=0800h \
  -psmallconst=SMALLCONST -pmediumconst=MEDIUMCONST -pconst=CONST \
  -AFARRAM=00h-00h \
  -prdata=COMRAM,nvrram=COMRAM,nvbit=COMRAM,rbss=COMRAM,rbit=COMRAM \
  -pfarbss=FARRAM,fardata=FARRAM,nvFARRAM=FARRAM \
  -pintsave_regs=BIGRAM,bigbss=BIGRAM,bigdata=BIGRAM -pbss=RAM \
  -pidata=CODE,irdata=CODE,ibigdata=CODE,ifardata=CODE -prparam=COMRAM \
  C:\Users\CRISTO~1\AppData\Local\Temp\xcAs3gg.o \
  dist/default/production\ADC_PWM.X.production.o 

Object code version is 3.11

Machine type is 18F4550



                Name                               Link     Load   Length Selector   Space Scale
C:\Users\CRISTO~1\AppData\Local\Temp\xcAs3gg.o
                idloc                            200000   200000        8        0       5
                config                           300000   300000        E        0       4
                init                                  0        0        4        0       0
dist/default/production\ADC_PWM.X.production.o
                idloc                            200000   200000        8        0       5
                config                           300000   300000        E        0       4
                text9                              76D6     76D6       2A     3B6B       0
                text8                              779C     779C       42     3BCE       0
                text7                              7BD6     7BD6      42A     3DEB       0
                text6                              791C     791C      106     3C8E       0
                text5                              7A22     7A22      1B4     3D11       0
                text4                              775C     775C       40     3BAE       0
                text3                              772A     772A       32     3B95       0
                text2                              77DE     77DE       56     3BEF       0
                text1                              76B0     76B0       26     3B58       0
                text0                              7834     7834       E8     3C1A       0
                cstackCOMRAM                          1        1       3B        1       1
                dataCOMRAM                           50       50        2        1       1
                bssCOMRAM                            3C       3C       14        1       1
                cinit                              7700     7700       2A     3B80       0
                idataCOMRAM                        76AE     76AE        2     76AE       0

TOTAL           Name                               Link     Load   Length     Space
        CLASS   STACK          

        CLASS   CODE           
                init                                  0        0        4         0
                text9                              76D6     76D6       2A         0
                text8                              779C     779C       42         0
                text7                              7BD6     7BD6      42A         0
                text6                              791C     791C      106         0
                text5                              7A22     7A22      1B4         0
                text4                              775C     775C       40         0
                text3                              772A     772A       32         0
                text2                              77DE     77DE       56         0
                text1                              76B0     76B0       26         0
                text0                              7834     7834       E8         0
                cinit                              7700     7700       2A         0
                idataCOMRAM                        76AE     76AE        2         0

        CLASS   CONST          

        CLASS   SMALLCONST     

        CLASS   MEDIUMCONST    

        CLASS   COMRAM         
                cstackCOMRAM                          1        1       3B         1
                dataCOMRAM                           50       50        2         1
                bssCOMRAM                            3C       3C       14         1

        CLASS   ABS1           

        CLASS   BIGRAM         

        CLASS   RAM            

        CLASS   BANK0          

        CLASS   BANK1          

        CLASS   BANK2          

        CLASS   BANK3          

        CLASS   BANK4          

        CLASS   BANK5          

        CLASS   BANK6          

        CLASS   BANK7          

        CLASS   SFR            

        CLASS   CONFIG         
                config                           300000   300000        E         4

        CLASS   IDLOC          
                idloc                            200000   200000        8         5

        CLASS   EEDATA         

        CLASS   FARRAM         



SEGMENTS        Name                           Load    Length   Top    Selector   Space  Class

                reset_vec                      000000  000004  000004         0       0  CODE    
                cstackCOMRAM                   000001  000051  000052         1       1  COMRAM  
                idataCOMRAM                    0076AE  000002  0076B0      76AE       0  CODE    
                text1                          0076B0  000026  0076D6      3B58       0  CODE    
                text9                          0076D6  00002A  007700      3B6B       0  CODE    
                cinit                          007700  00002A  00772A      3B80       0  CODE    
                text3                          00772A  000032  00775C      3B95       0  CODE    
                text4                          00775C  000040  00779C      3BAE       0  CODE    
                text8                          00779C  000042  0077DE      3BCE       0  CODE    
                text2                          0077DE  000056  007834      3BEF       0  CODE    
                text0                          007834  0000E8  00791C      3C1A       0  CODE    
                text6                          00791C  000106  007A22      3C8E       0  CODE    
                text5                          007A22  0001B4  007BD6      3D11       0  CODE    
                text7                          007BD6  00042A  008000      3DEB       0  CODE    


UNUSED ADDRESS RANGES

        Name                Unused          Largest block    Delta
        BANK0            000060-0000FF               A0
        BANK1            000100-0001FF              100
        BANK2            000200-0002FF              100
        BANK3            000300-0003FF              100
        BANK4            000400-0004FF              100
        BANK5            000500-0005FF              100
        BANK6            000600-0006FF              100
        BANK7            000700-0007FF              100
        BIGRAM           000052-0007FF              7AE
        CODE             000004-0076AD             76AA
        COMRAM           000052-00005F                E
        CONST            000004-0076AD             76AA
        EEDATA           F00000-F000FF              100
        MEDIUMCONST      000800-0076AD             6EAE
        RAM              000060-0007FF              100
        SFR              000F60-000FFF               A0
        SMALLCONST       000800-0076AD              100
        STACK            000060-0007FF              7A0

                                  Symbol Table

?_ADC_read                 cstackCOMRAM 000001
?___flmul                  cstackCOMRAM 000013
?___fltol                  cstackCOMRAM 00002C
?___xxtofl                 cstackCOMRAM 000005
ADC_read@canal             cstackCOMRAM 000004
_ADCON0bits                (abs)        000FC2
_ADCON1bits                (abs)        000FC1
_ADCON2bits                (abs)        000FC0
_ADC_Init                  text9        0076D6
_ADC_read                  text8        00779C
_ADRES                     (abs)        000FC3
_CCP1CONbits               (abs)        000FBD
_CCPR1L                    (abs)        000FBE
_LATD                      (abs)        000F8C
_LATDbits                  (abs)        000F8C
_PR2                       (abs)        000FCB
_T2CONbits                 (abs)        000FCA
_TRISAbits                 (abs)        000F92
_TRISC                     (abs)        000F94
_TRISCbits                 (abs)        000F94
_TRISD                     (abs)        000F95
__HRAM                     (abs)        000000
__Habs1                    abs1         000000
__Hbank0                   bank0        000000
__Hbank1                   bank1        000000
__Hbank2                   bank2        000000
__Hbank3                   bank3        000000
__Hbank4                   bank4        000000
__Hbank5                   bank5        000000
__Hbank6                   bank6        000000
__Hbank7                   bank7        000000
__Hbigbss                  bigbss       000000
__Hbigdata                 bigdata      000000
__Hbigram                  bigram       000000
__Hbss                     bss          000000
__HbssCOMRAM               bssCOMRAM    000000
__Hcinit                   cinit        000000
__Hclrtext                 clrtext      000000
__Hcomram                  comram       000000
__Hconfig                  config       30000E
__Hconst                   const        000000
__HcstackCOMRAM            cstackCOMRAM 000000
__Hdata                    data         000000
__HdataCOMRAM              dataCOMRAM   000000
__Heeprom_data             eeprom_data  000000
__Hfarbss                  farbss       000000
__Hfardata                 fardata      000000
__Hibigdata                ibigdata     000000
__Hidata                   idata        000000
__HidataCOMRAM             idataCOMRAM  000000
__Hidloc                   idloc        200008
__Hifardata                ifardata     000000
__Hinit                    init         000004
__Hintcode                 intcode      000000
__Hintcode_body            intcode_body 000000
__Hintcodelo               intcodelo    000000
__Hintentry                intentry     000000
__Hintret                  intret       000000
__Hintsave_regs            intsave_regs 000000
__Hirdata                  irdata       000000
__Hmediumconst             mediumconst  000000
__HnvFARRAM                nvFARRAM     000000
__Hnvbit                   nvbit        000000
__Hnvrram                  nvrram       000000
__Hparam                   rparam       000000
__Hpowerup                 powerup      000000
__Hram                     ram          000000
__Hramtop                  ramtop       000800
__Hrbit                    rbit         000000
__Hrbss                    rbss         000000
__Hrdata                   rdata        000000
__Hreset_vec               reset_vec    000000
__Hrparam                  rparam       000000
__Hsfr                     sfr          000000
__Hsmallconst              smallconst   000000
__Hspace_0                 (abs)        008000
__Hspace_1                 (abs)        000052
__Hspace_2                 (abs)        000000
__Hspace_4                 (abs)        60000E
__Hstack                   stack        000000
__Hstruct                  struct       000000
__Htemp                    temp         000000
__Htext                    text         000000
__Htext0                   text0        000000
__Htext1                   text1        000000
__Htext2                   text2        000000
__Htext3                   text3        000000
__Htext4                   text4        000000
__Htext5                   text5        000000
__Htext6                   text6        000000
__Htext7                   text7        000000
__Htext8                   text8        000000
__Htext9                   text9        000000
__LRAM                     (abs)        000001
__Labs1                    abs1         000000
__Lbank0                   bank0        000000
__Lbank1                   bank1        000000
__Lbank2                   bank2        000000
__Lbank3                   bank3        000000
__Lbank4                   bank4        000000
__Lbank5                   bank5        000000
__Lbank6                   bank6        000000
__Lbank7                   bank7        000000
__Lbigbss                  bigbss       000000
__Lbigdata                 bigdata      000000
__Lbigram                  bigram       000000
__Lbss                     bss          000000
__LbssCOMRAM               bssCOMRAM    000000
__Lcinit                   cinit        000000
__Lclrtext                 clrtext      000000
__Lcomram                  comram       000000
__Lconfig                  config       000000
__Lconst                   const        000000
__LcstackCOMRAM            cstackCOMRAM 000000
__Ldata                    data         000000
__LdataCOMRAM              dataCOMRAM   000000
__Leeprom_data             eeprom_data  000000
__Lfarbss                  farbss       000000
__Lfardata                 fardata      000000
__Libigdata                ibigdata     000000
__Lidata                   idata        000000
__LidataCOMRAM             idataCOMRAM  000000
__Lidloc                   idloc        000000
__Lifardata                ifardata     000000
__Linit                    init         000000
__Lintcode                 intcode      000000
__Lintcode_body            intcode_body 000000
__Lintcodelo               intcodelo    000000
__Lintentry                intentry     000000
__Lintret                  intret       000000
__Lintsave_regs            intsave_regs 000000
__Lirdata                  irdata       000000
__Lmediumconst             mediumconst  000000
__LnvFARRAM                nvFARRAM     000000
__Lnvbit                   nvbit        000000
__Lnvrram                  nvrram       000000
__Lparam                   rparam       000000
__Lpowerup                 powerup      000000
__Lram                     ram          000000
__Lramtop                  ramtop       000800
__Lrbit                    rbit         000000
__Lrbss                    rbss         000000
__Lrdata                   rdata        000000
__Lreset_vec               reset_vec    000000
__Lrparam                  rparam       000000
__Lsfr                     sfr          000000
__Lsmallconst              smallconst   000000
__Lspace_0                 (abs)        000000
__Lspace_1                 (abs)        000000
__Lspace_2                 (abs)        000000
__Lspace_4                 (abs)        000000
__Lstack                   stack        000000
__Lstruct                  struct       000000
__Ltemp                    temp         000000
__Ltext                    text         000000
__Ltext0                   text0        000000
__Ltext1                   text1        000000
__Ltext2                   text2        000000
__Ltext3                   text3        000000
__Ltext4                   text4        000000
__Ltext5                   text5        000000
__Ltext6                   text6        000000
__Ltext7                   text7        000000
__Ltext8                   text8        000000
__Ltext9                   text9        000000
__S0                       (abs)        008000
__S1                       (abs)        000052
__S2                       (abs)        000000
__S4                       (abs)        000000
__S5                       (abs)        000000
___flmul                   text7        007BD6
___flmul@a                 cstackCOMRAM 000017
___flmul@aexp              cstackCOMRAM 000024
___flmul@b                 cstackCOMRAM 000013
___flmul@bexp              cstackCOMRAM 000025
___flmul@grs               cstackCOMRAM 000020
___flmul@prod              cstackCOMRAM 000026
___flmul@sign              cstackCOMRAM 00001F
___flmul@temp              cstackCOMRAM 00002A
___fltol                   text6        00791C
___fltol@exp1              cstackCOMRAM 000035
___fltol@f1                cstackCOMRAM 00002C
___fltol@sign1             cstackCOMRAM 000034
___inthi_sp                stack        000000
___intlo_sp                stack        000000
___param_bank              (abs)        000000
___rparam_used             (abs)        000001
___sp                      stack        000000
___xxtofl                  text5        007A22
___xxtofl@arg              cstackCOMRAM 00000F
___xxtofl@exp              cstackCOMRAM 00000E
___xxtofl@sign             cstackCOMRAM 00000D
___xxtofl@val              cstackCOMRAM 000005
__accesstop                (abs)        000060
__activetblptr             (abs)        000000
__end_of_ADC_Init          text9        007700
__end_of_ADC_read          text8        0077DE
__end_of___flmul           text7        008000
__end_of___fltol           text6        007A22
__end_of___xxtofl          text5        007BD6
__end_of__initialization   cinit        007724
__end_of_lcd_Comando       text3        00775C
__end_of_lcd_Init          text2        007834
__end_of_main              text0        00791C
__end_of_pwm_Init          text1        0076D6
__end_of_selectorRegistro  text4        00779C
__initialization           cinit        007700
__mediumconst              mediumconst  000000
__pbssCOMRAM               bssCOMRAM    00003C
__pcinit                   cinit        007700
__pcstackCOMRAM            cstackCOMRAM 000001
__pdataCOMRAM              dataCOMRAM   000050
__pidataCOMRAM             idataCOMRAM  0076AE
__ptext0                   text0        007834
__ptext1                   text1        0076B0
__ptext2                   text2        0077DE
__ptext3                   text3        00772A
__ptext4                   text4        00775C
__ptext5                   text5        007A22
__ptext6                   text6        00791C
__ptext7                   text7        007BD6
__ptext8                   text8        00779C
__ptext9                   text9        0076D6
__ramtop                   ramtop       000800
__size_of_ADC_Init         (abs)        000000
__size_of_ADC_read         (abs)        000000
__size_of___flmul          (abs)        000000
__size_of___fltol          (abs)        000000
__size_of___xxtofl         (abs)        000000
__size_of_lcd_Comando      (abs)        000000
__size_of_lcd_Init         (abs)        000000
__size_of_main             (abs)        000000
__size_of_pwm_Init         (abs)        000000
__size_of_selectorRegistro (abs)        000000
__smallconst               smallconst   000000
_dato                      bssCOMRAM    00003C
_duty                      dataCOMRAM   000050
_lcd_Comando               text3        00772A
_lcd_Init                  text2        0077DE
_main                      text0        007834
_pwm_Init                  text1        0076B0
_resolucion                bssCOMRAM    00004A
_selectorRegistro          text4        00775C
_valor_adc                 bssCOMRAM    00004E
_vin                       bssCOMRAM    000046
end_of_initialization      cinit        007724
intlevel0                  text         000000
intlevel1                  text         000000
intlevel2                  text         000000
intlevel3                  text         000000
isa$std                    (abs)        000001
isa$xinst                  (abs)        000000
lcd_Comando@cmd            cstackCOMRAM 000004
main@pwm_adc               cstackCOMRAM 000038
selectorRegistro@rs        cstackCOMRAM 000001
stackhi                    (abs)        0007FF
stacklo                    (abs)        000060
start                      init         000000
start_initialization       cinit        007700


MODULE INFORMATION

Module		Function		Class		Link	Load	Size
lcd_libreria.c
		_selectorRegistro		CODE           	775C	0000	64
		_lcd_Init      		CODE           	77DE	0000	86
		_lcd_Comando   		CODE           	772A	0000	50

lcd_libreria.c estimated size: 200

ADC_libreria.c
		_ADC_read      		CODE           	779C	0000	66
		_ADC_Init      		CODE           	76D6	0000	42

ADC_libreria.c estimated size: 108

pwm_libreria.c
		_pwm_Init      		CODE           	76B0	0000	38

pwm_libreria.c estimated size: 38

shared
		__initialization		CODE           	7700	0000	36

shared estimated size: 36

D:\Archivos de programa\Microchip\xc8\v2.32\pic\sources\c99\common\fltol.c
		___fltol       		CODE           	791C	0000	262

D:\Archivos de programa\Microchip\xc8\v2.32\pic\sources\c99\common\fltol.c estimated size: 262

D:\Archivos de programa\Microchip\xc8\v2.32\pic\sources\c99\common\xxtofl.c
		___xxtofl      		CODE           	7A22	0000	436

D:\Archivos de programa\Microchip\xc8\v2.32\pic\sources\c99\common\xxtofl.c estimated size: 436

main.c
		_main          		CODE           	7834	0000	232

main.c estimated size: 232

D:\Archivos de programa\Microchip\xc8\v2.32\pic\sources\c99\common\sprcmul.c
		___flmul       		CODE           	7BD6	0000	1066

D:\Archivos de programa\Microchip\xc8\v2.32\pic\sources\c99\common\sprcmul.c estimated size: 1066

